// Jest Snapshot v1, https://goo.gl/fbAQLP

exports[`App renders correctly 1`] = `
<DocumentFragment>
  <div
    class="weather-app"
  >
    <h1>
      Weather App
    </h1>
    <h1>
      , 
    </h1>
    <form
      class="search-form"
    >
      <input
        placeholder="Search UK city"
        type="text"
        value=""
      />
      <button
        type="submit"
      >
        Search
      </button>
    </form>
    <div
      class="forecast-summaries"
    />
  </div>
</DocumentFragment>
`;
