// Jest Snapshot v1, https://goo.gl/fbAQLP

exports[`ForecastDetails renders correctly 1`] = `
<DocumentFragment>
  <div
    class="forcast-details"
  >
    <div
      class="forecast-details_date"
    >
      <b>
        Date:
      </b>
       Thu Jan 01 1970
    </div>
    <div
      class="forecast-details_temp"
    >
      <b>
        Max Temperature:
      </b>
       13˚C
    </div>
    <div
      class="forecast-details_temp"
    >
      <b>
        Min Temperature:
      </b>
       8˚C
    </div>
    <div
      class="forecast-details_humidity"
    >
      <b>
        Humidity:
      </b>
       80%
    </div>
    <div
      class="forecast-details_wind"
    >
      <b>
        Wind: 
      </b>
      60ne
    </div>
  </div>
</DocumentFragment>
`;
