// Jest Snapshot v1, https://goo.gl/fbAQLP

exports[`ForecastSummary renders correctly 1`] = `
<DocumentFragment>
  <div
    class="forecast-summary"
  >
    <div
      class="forecast-summary_date"
    >
      1111111
    </div>
    <div
      class="forecast-summary_description"
    >
      stubIcon
    </div>
    <div
      class="forecast-summary_icon"
    >
      22Â°C
    </div>
    <div
      class="forecast-summary_temperature"
    >
      Stub description
    </div>
  </div>
</DocumentFragment>
`;
